../Core/Src/main.c:254:5:main	3352	static
../Core/Src/main.c:633:9:CheckForUserInput	4	static
../Core/Src/main.c:642:6:BSP_PB_Callback	16	static
../Core/Src/main.c:674:13:SystemClock_Config	128	static
../Core/Src/main.c:757:13:CPU_CACHE_Enable	24	static,ignoring_inline_asm
../Core/Src/main.c:771:13:MX_ADC3_Init	40	static
../Core/Src/main.c:829:13:MX_GPIO_Init	72	static
../Core/Src/main.c:1253:6:mnist_game_reset	24	static
../Core/Src/main.c:1299:6:control_panel_set	16	static
../Core/Src/main.c:1325:6:MPU_Config	24	static
../Core/Src/main.c:1361:6:StartDefaultTask	16	static
../Core/Src/main.c:1381:6:Error_Handler	8	static,ignoring_inline_asm
